******************************************************************************
             TMS320C2000 Linker PC v5.2.3                      
******************************************************************************
>> Linked Tue Apr 14 11:49:02 2015

OUTPUT FILE NAME:   <LCD.out>
ENTRY POINT SYMBOL: "_c_int00"  address: 000088b8


MEMORY CONFIGURATION

         name            origin    length      used     unused   attr    fill
----------------------  --------  ---------  --------  --------  ----  --------
PAGE 0:
  BEGIN                 00000000   00000002  00000002  00000000  RWIX
  BOOT_RSVD             00000002   0000004e  00000000  0000004e  RWIX
  RAMM0                 00000050   000003b0  00000000  000003b0  RWIX
  RAML                  00008000   00004000  000009e0  00003620  RWIX
  ZONE7A                00200000   0000fc00  00000000  0000fc00  RWIX
  CSM_RSVD              0033ff80   00000076  00000000  00000076  RWIX
  CSM_PWL               0033fff8   00000008  00000000  00000008  RWIX
  ADC_CAL               00380080   00000009  00000007  00000002  RWIX
  IQTABLES              003fe000   00000b50  00000000  00000b50  RWIX
  IQTABLES2             003feb50   0000008c  00000000  0000008c  RWIX
  FPUTABLES             003febdc   000006a0  00000000  000006a0  RWIX
  BOOTROM               003ff27c   00000d44  00000000  00000d44  RWIX
  RESET                 003fffc0   00000002  00000000  00000002  RWIX

PAGE 1:
  RAMM                  00000400   00000400  000003e8  00000018  RWIX
  DEV_EMU               00000880   00000180  000000d0  000000b0  RWIX
  FLASH_REGS            00000a80   00000060  00000008  00000058  RWIX
  CSM                   00000ae0   00000010  00000010  00000000  RWIX
  ADC_MIRROR            00000b00   00000010  00000010  00000000  RWIX
  XINTF                 00000b20   00000020  0000001e  00000002  RWIX
  CPU_TIMER0            00000c00   00000008  00000008  00000000  RWIX
  CPU_TIMER1            00000c08   00000008  00000008  00000000  RWIX
  CPU_TIMER2            00000c10   00000008  00000008  00000000  RWIX
  PIE_CTRL              00000ce0   00000020  0000001a  00000006  RWIX
  PIE_VECT              00000d00   00000100  00000100  00000000  RWIX
  DMA                   00001000   00000200  000000e0  00000120  RWIX
  MCBSPA                00005000   00000040  00000025  0000001b  RWIX
  MCBSPB                00005040   00000040  00000025  0000001b  RWIX
  ECANA                 00006000   00000040  00000034  0000000c  RWIX
  ECANA_LAM             00006040   00000040  00000040  00000000  RWIX
  ECANA_MOTS            00006080   00000040  00000040  00000000  RWIX
  ECANA_MOTO            000060c0   00000040  00000040  00000000  RWIX
  ECANA_MBOX            00006100   00000100  00000100  00000000  RWIX
  ECANB                 00006200   00000040  00000034  0000000c  RWIX
  ECANB_LAM             00006240   00000040  00000040  00000000  RWIX
  ECANB_MOTS            00006280   00000040  00000040  00000000  RWIX
  ECANB_MOTO            000062c0   00000040  00000040  00000000  RWIX
  ECANB_MBOX            00006300   00000100  00000100  00000000  RWIX
  EPWM1                 00006800   00000022  00000022  00000000  RWIX
  EPWM2                 00006840   00000022  00000022  00000000  RWIX
  EPWM3                 00006880   00000022  00000022  00000000  RWIX
  EPWM4                 000068c0   00000022  00000022  00000000  RWIX
  EPWM5                 00006900   00000022  00000022  00000000  RWIX
  EPWM6                 00006940   00000022  00000022  00000000  RWIX
  ECAP1                 00006a00   00000020  00000020  00000000  RWIX
  ECAP2                 00006a20   00000020  00000020  00000000  RWIX
  ECAP3                 00006a40   00000020  00000020  00000000  RWIX
  ECAP4                 00006a60   00000020  00000020  00000000  RWIX
  ECAP5                 00006a80   00000020  00000020  00000000  RWIX
  ECAP6                 00006aa0   00000020  00000020  00000000  RWIX
  EQEP1                 00006b00   00000040  00000040  00000000  RWIX
  EQEP2                 00006b40   00000040  00000040  00000000  RWIX
  GPIOCTRL              00006f80   00000040  0000002e  00000012  RWIX
  GPIODAT               00006fc0   00000020  00000020  00000000  RWIX
  GPIOINT               00006fe0   00000020  0000000a  00000016  RWIX
  SYSTEM                00007010   00000020  00000020  00000000  RWIX
  SPIA                  00007040   00000010  00000010  00000000  RWIX
  SCIA                  00007050   00000010  00000010  00000000  RWIX
  XINTRUPT              00007070   00000010  00000010  00000000  RWIX
  ADC                   00007100   00000020  0000001e  00000002  RWIX
  SCIB                  00007750   00000010  00000010  00000000  RWIX
  SCIC                  00007770   00000010  00000010  00000000  RWIX
  I2CA                  00007900   00000040  00000022  0000001e  RWIX
  RAMH                  0000c000   00004000  00000148  00003eb8  RWIX
  ZONE7B                0020fc00   00000400  00000000  00000400  RWIX
  CSM_PWL               0033fff8   00000008  00000008  00000000  RWIX


SECTION ALLOCATION MAP

 output                                  attributes/
section   page    origin      length       input sections
--------  ----  ----------  ----------   ----------------
codestart 
*          0    00000000    00000002     
                  00000000    00000002     DSP2833x_CodeStartBranch.obj (codestart)

.pinit     0    00008000    00000000     UNINITIALIZED

.text      0    00008000    0000098b     
                  00008000    00000330     main.obj (.text)
                  00008330    00000323     DSP2833x_DefaultIsr.obj (.text)
                  00008653    000000f6     DSP2833x_Xintf.obj (.text)
                  00008749    000000f5     DSP2833x_SysCtrl.obj (.text)
                  0000883e    0000007a     DSP2833x_CpuTimers.obj (.text)
                  000088b8    00000046     rts2800_fpu32.lib : boot.obj (.text)
                  000088fe    00000028     DSP2833x_PieCtrl.obj (.text)
                  00008926    00000020     DSP2833x_PieVect.obj (.text)
                  00008946    0000001b     rts2800_fpu32.lib : args_main.obj (.text)
                  00008961    00000019                       : exit.obj (.text)
                  0000897a    00000009                       : _lock.obj (.text)
                  00008983    00000008     DSP2833x_CodeStartBranch.obj (.text)

.switch    0    0000898c    00000020     
                  0000898c    00000020     main.obj (.switch)

ramfuncs   0    000089ac    0000001f     
                  000089ac    0000001b     DSP2833x_SysCtrl.obj (ramfuncs)
                  000089c7    00000004     DSP2833x_usDelay.obj (ramfuncs)

.cinit     0    000089cb    00000016     
                  000089cb    0000000a     rts2800_fpu32.lib : _lock.obj (.cinit)
                  000089d5    0000000a                       : exit.obj (.cinit)
                  000089df    00000002     --HOLE-- [fill = 0]

csm_rsvd   0    0033ff80    00000000     DSECT

csmpasswds 
*          0    0033fff8    00000000     DSECT

.adc_cal   0    00380080    00000007     NOLOAD SECTION
                  00380080    00000007     DSP2833x_ADC_cal.obj (.adc_cal)

.reset     0    003fffc0    00000002     DSECT
                  003fffc0    00000002     rts2800_fpu32.lib : boot.obj (.reset)

.stack     1    00000400    000003e8     UNINITIALIZED
                  00000400    000003e8     --HOLE--

DevEmuRegsFile 
*          1    00000880    000000d0     UNINITIALIZED
                  00000880    000000d0     DSP2833x_GlobalVariableDefs.obj (DevEmuRegsFile)

FlashRegsFile 
*          1    00000a80    00000008     UNINITIALIZED
                  00000a80    00000008     DSP2833x_GlobalVariableDefs.obj (FlashRegsFile)

CsmRegsFile 
*          1    00000ae0    00000010     UNINITIALIZED
                  00000ae0    00000010     DSP2833x_GlobalVariableDefs.obj (CsmRegsFile)

AdcMirrorFile 
*          1    00000b00    00000010     UNINITIALIZED
                  00000b00    00000010     DSP2833x_GlobalVariableDefs.obj (AdcMirrorFile)

XintfRegsFile 
*          1    00000b20    0000001e     UNINITIALIZED
                  00000b20    0000001e     DSP2833x_GlobalVariableDefs.obj (XintfRegsFile)

CpuTimer0RegsFile 
*          1    00000c00    00000008     UNINITIALIZED
                  00000c00    00000008     DSP2833x_GlobalVariableDefs.obj (CpuTimer0RegsFile)

CpuTimer1RegsFile 
*          1    00000c08    00000008     UNINITIALIZED
                  00000c08    00000008     DSP2833x_GlobalVariableDefs.obj (CpuTimer1RegsFile)

CpuTimer2RegsFile 
*          1    00000c10    00000008     UNINITIALIZED
                  00000c10    00000008     DSP2833x_GlobalVariableDefs.obj (CpuTimer2RegsFile)

PieCtrlRegsFile 
*          1    00000ce0    0000001a     UNINITIALIZED
                  00000ce0    0000001a     DSP2833x_GlobalVariableDefs.obj (PieCtrlRegsFile)

PieVectTableFile 
*          1    00000d00    00000100     UNINITIALIZED
                  00000d00    00000100     DSP2833x_GlobalVariableDefs.obj (PieVectTableFile)

DmaRegsFile 
*          1    00001000    000000e0     UNINITIALIZED
                  00001000    000000e0     DSP2833x_GlobalVariableDefs.obj (DmaRegsFile)

McbspaRegsFile 
*          1    00005000    00000025     UNINITIALIZED
                  00005000    00000025     DSP2833x_GlobalVariableDefs.obj (McbspaRegsFile)

McbspbRegsFile 
*          1    00005040    00000025     UNINITIALIZED
                  00005040    00000025     DSP2833x_GlobalVariableDefs.obj (McbspbRegsFile)

ECanaRegsFile 
*          1    00006000    00000034     UNINITIALIZED
                  00006000    00000034     DSP2833x_GlobalVariableDefs.obj (ECanaRegsFile)

ECanaLAMRegsFile 
*          1    00006040    00000040     UNINITIALIZED
                  00006040    00000040     DSP2833x_GlobalVariableDefs.obj (ECanaLAMRegsFile)

ECanaMOTSRegsFile 
*          1    00006080    00000040     UNINITIALIZED
                  00006080    00000040     DSP2833x_GlobalVariableDefs.obj (ECanaMOTSRegsFile)

ECanaMOTORegsFile 
*          1    000060c0    00000040     UNINITIALIZED
                  000060c0    00000040     DSP2833x_GlobalVariableDefs.obj (ECanaMOTORegsFile)

ECanaMboxesFile 
*          1    00006100    00000100     UNINITIALIZED
                  00006100    00000100     DSP2833x_GlobalVariableDefs.obj (ECanaMboxesFile)

ECanbRegsFile 
*          1    00006200    00000034     UNINITIALIZED
                  00006200    00000034     DSP2833x_GlobalVariableDefs.obj (ECanbRegsFile)

ECanbLAMRegsFile 
*          1    00006240    00000040     UNINITIALIZED
                  00006240    00000040     DSP2833x_GlobalVariableDefs.obj (ECanbLAMRegsFile)

ECanbMOTSRegsFile 
*          1    00006280    00000040     UNINITIALIZED
                  00006280    00000040     DSP2833x_GlobalVariableDefs.obj (ECanbMOTSRegsFile)

ECanbMOTORegsFile 
*          1    000062c0    00000040     UNINITIALIZED
                  000062c0    00000040     DSP2833x_GlobalVariableDefs.obj (ECanbMOTORegsFile)

ECanbMboxesFile 
*          1    00006300    00000100     UNINITIALIZED
                  00006300    00000100     DSP2833x_GlobalVariableDefs.obj (ECanbMboxesFile)

EPwm1RegsFile 
*          1    00006800    00000022     UNINITIALIZED
                  00006800    00000022     DSP2833x_GlobalVariableDefs.obj (EPwm1RegsFile)

EPwm2RegsFile 
*          1    00006840    00000022     UNINITIALIZED
                  00006840    00000022     DSP2833x_GlobalVariableDefs.obj (EPwm2RegsFile)

EPwm3RegsFile 
*          1    00006880    00000022     UNINITIALIZED
                  00006880    00000022     DSP2833x_GlobalVariableDefs.obj (EPwm3RegsFile)

EPwm4RegsFile 
*          1    000068c0    00000022     UNINITIALIZED
                  000068c0    00000022     DSP2833x_GlobalVariableDefs.obj (EPwm4RegsFile)

EPwm5RegsFile 
*          1    00006900    00000022     UNINITIALIZED
                  00006900    00000022     DSP2833x_GlobalVariableDefs.obj (EPwm5RegsFile)

EPwm6RegsFile 
*          1    00006940    00000022     UNINITIALIZED
                  00006940    00000022     DSP2833x_GlobalVariableDefs.obj (EPwm6RegsFile)

ECap1RegsFile 
*          1    00006a00    00000020     UNINITIALIZED
                  00006a00    00000020     DSP2833x_GlobalVariableDefs.obj (ECap1RegsFile)

ECap2RegsFile 
*          1    00006a20    00000020     UNINITIALIZED
                  00006a20    00000020     DSP2833x_GlobalVariableDefs.obj (ECap2RegsFile)

ECap3RegsFile 
*          1    00006a40    00000020     UNINITIALIZED
                  00006a40    00000020     DSP2833x_GlobalVariableDefs.obj (ECap3RegsFile)

ECap4RegsFile 
*          1    00006a60    00000020     UNINITIALIZED
                  00006a60    00000020     DSP2833x_GlobalVariableDefs.obj (ECap4RegsFile)

ECap5RegsFile 
*          1    00006a80    00000020     UNINITIALIZED
                  00006a80    00000020     DSP2833x_GlobalVariableDefs.obj (ECap5RegsFile)

ECap6RegsFile 
*          1    00006aa0    00000020     UNINITIALIZED
                  00006aa0    00000020     DSP2833x_GlobalVariableDefs.obj (ECap6RegsFile)

EQep1RegsFile 
*          1    00006b00    00000040     UNINITIALIZED
                  00006b00    00000040     DSP2833x_GlobalVariableDefs.obj (EQep1RegsFile)

EQep2RegsFile 
*          1    00006b40    00000040     UNINITIALIZED
                  00006b40    00000040     DSP2833x_GlobalVariableDefs.obj (EQep2RegsFile)

GpioCtrlRegsFile 
*          1    00006f80    0000002e     UNINITIALIZED
                  00006f80    0000002e     DSP2833x_GlobalVariableDefs.obj (GpioCtrlRegsFile)

GpioDataRegsFile 
*          1    00006fc0    00000020     UNINITIALIZED
                  00006fc0    00000020     DSP2833x_GlobalVariableDefs.obj (GpioDataRegsFile)

GpioIntRegsFile 
*          1    00006fe0    0000000a     UNINITIALIZED
                  00006fe0    0000000a     DSP2833x_GlobalVariableDefs.obj (GpioIntRegsFile)

SysCtrlRegsFile 
*          1    00007010    00000020     UNINITIALIZED
                  00007010    00000020     DSP2833x_GlobalVariableDefs.obj (SysCtrlRegsFile)

SpiaRegsFile 
*          1    00007040    00000010     UNINITIALIZED
                  00007040    00000010     DSP2833x_GlobalVariableDefs.obj (SpiaRegsFile)

SciaRegsFile 
*          1    00007050    00000010     UNINITIALIZED
                  00007050    00000010     DSP2833x_GlobalVariableDefs.obj (SciaRegsFile)

XIntruptRegsFile 
*          1    00007070    00000010     UNINITIALIZED
                  00007070    00000010     DSP2833x_GlobalVariableDefs.obj (XIntruptRegsFile)

AdcRegsFile 
*          1    00007100    0000001e     UNINITIALIZED
                  00007100    0000001e     DSP2833x_GlobalVariableDefs.obj (AdcRegsFile)

ScibRegsFile 
*          1    00007750    00000010     UNINITIALIZED
                  00007750    00000010     DSP2833x_GlobalVariableDefs.obj (ScibRegsFile)

ScicRegsFile 
*          1    00007770    00000010     UNINITIALIZED
                  00007770    00000010     DSP2833x_GlobalVariableDefs.obj (ScicRegsFile)

I2caRegsFile 
*          1    00007900    00000022     UNINITIALIZED
                  00007900    00000022     DSP2833x_GlobalVariableDefs.obj (I2caRegsFile)

.econst    1    0000c000    00000126     
                  0000c000    00000100     DSP2833x_PieVect.obj (.econst)
                  0000c100    00000026     main.obj (.econst:.string)

.ebss      1    0000c126    00000022     UNINITIALIZED
                  0000c126    00000018     DSP2833x_CpuTimers.obj (.ebss)
                  0000c13e    00000002     --HOLE--
                  0000c140    00000004     rts2800_fpu32.lib : _lock.obj (.ebss)
                  0000c144    00000004                       : exit.obj (.ebss)

CsmPwlFile 
*          1    0033fff8    00000008     UNINITIALIZED
                  0033fff8    00000008     DSP2833x_GlobalVariableDefs.obj (CsmPwlFile)


GLOBAL SYMBOLS: SORTED ALPHABETICALLY BY Name 

address    name
--------   ----
00008000   .text
00008961   C$$EXIT
00008416   _ADCINT_ISR
00380080   _ADC_cal
00000b00   _AdcMirror
00007100   _AdcRegs
0000887d   _ConfigCpuTimer
000081e0   _Configio_Button
0000c136   _CpuTimer0
00000c00   _CpuTimer0Regs
0000c126   _CpuTimer1
00000c08   _CpuTimer1Regs
0000c12e   _CpuTimer2
00000c10   _CpuTimer2Regs
0033fff8   _CsmPwl
00000ae0   _CsmRegs
0000880d   _CsmUnlock
00008344   _DATALOG_ISR
00008538   _DINTCH1_ISR
00008542   _DINTCH2_ISR
0000854c   _DINTCH3_ISR
00008556   _DINTCH4_ISR
00008560   _DINTCH5_ISR
0000856a   _DINTCH6_ISR
000089c7   _DSP28x_usDelay
00000880   _DevEmuRegs
0000875c   _DisableDog
00001000   _DmaRegs
000085c4   _ECAN0INTA_ISR
000085d8   _ECAN0INTB_ISR
000085ce   _ECAN1INTA_ISR
000085e2   _ECAN1INTB_ISR
000084ac   _ECAP1_INT_ISR
000084b6   _ECAP2_INT_ISR
000084c0   _ECAP3_INT_ISR
000084ca   _ECAP4_INT_ISR
000084d4   _ECAP5_INT_ISR
000084de   _ECAP6_INT_ISR
00006040   _ECanaLAMRegs
000060c0   _ECanaMOTORegs
00006080   _ECanaMOTSRegs
00006100   _ECanaMboxes
00006000   _ECanaRegs
00006240   _ECanbLAMRegs
000062c0   _ECanbMOTORegs
00006280   _ECanbMOTSRegs
00006300   _ECanbMboxes
00006200   _ECanbRegs
00006a00   _ECap1Regs
00006a20   _ECap2Regs
00006a40   _ECap3Regs
00006a60   _ECap4Regs
00006a80   _ECap5Regs
00006aa0   _ECap6Regs
00008632   _EMPTY_ISR
00008358   _EMUINT_ISR
00008470   _EPWM1_INT_ISR
00008434   _EPWM1_TZINT_ISR
0000847a   _EPWM2_INT_ISR
0000843e   _EPWM2_TZINT_ISR
00008484   _EPWM3_INT_ISR
00008448   _EPWM3_TZINT_ISR
0000848e   _EPWM4_INT_ISR
00008452   _EPWM4_TZINT_ISR
00008498   _EPWM5_INT_ISR
0000845c   _EPWM5_TZINT_ISR
000084a2   _EPWM6_INT_ISR
00008466   _EPWM6_TZINT_ISR
00006800   _EPwm1Regs
00006840   _EPwm2Regs
00006880   _EPwm3Regs
000068c0   _EPwm4Regs
00006900   _EPwm5Regs
00006940   _EPwm6Regs
000084e8   _EQEP1_INT_ISR
000084f2   _EQEP2_INT_ISR
00006b00   _EQep1Regs
00006b40   _EQep2Regs
0000891d   _EnableInterrupts
00000a80   _FlashRegs
00006f80   _GpioCtrlRegs
00006fc0   _GpioDataRegs
00006fe0   _GpioIntRegs
00008574   _I2CINT1A_ISR
0000857e   _I2CINT2A_ISR
00007900   _I2caRegs
0000836c   _ILLEGAL_ISR
00008330   _INT13_ISR
0000833a   _INT14_ISR
0000883e   _InitCpuTimers
000089ac   _InitFlash
000087b2   _InitPeripheralClocks
000088fe   _InitPieCtrl
00008926   _InitPieVectTable
00008764   _InitPll
00008749   _InitSysCtrl
00008653   _InitXintf
000086ef   _InitXintf16Gpio
000086a8   _InitXintf32Gpio
00008006   _LCDInit
00008000   _LCD_DATA
00008628   _LUF_ISR
0000861e   _LVF_ISR
00008524   _MRINTA_ISR
00008510   _MRINTB_ISR
0000852e   _MXINTA_ISR
0000851a   _MXINTB_ISR
00005000   _McbspaRegs
00005040   _McbspbRegs
00008362   _NMI_ISR
0000863f   _PIE_RESERVED
00000ce0   _PieCtrlRegs
00000d00   _PieVectTable
0000c000   _PieVectTableInit
0000834e   _RTOSINT_ISR
0000859c   _SCIRXINTA_ISR
000085b0   _SCIRXINTB_ISR
00008588   _SCIRXINTC_ISR
000085a6   _SCITXINTA_ISR
000085ba   _SCITXINTB_ISR
00008592   _SCITXINTC_ISR
000083ee   _SEQ1INT_ISR
000083f8   _SEQ2INT_ISR
000084fc   _SPIRXINTA_ISR
00008506   _SPITXINTA_ISR
0000809c   _Scan_Button
00007050   _SciaRegs
00007750   _ScibRegs
00007770   _ScicRegs
00008752   _ServiceDog
00007040   _SpiaRegs
00007010   _SysCtrlRegs
00008420   _TINT0_ISR
000083d0   _USER10_ISR
000083da   _USER11_ISR
000083e4   _USER12_ISR
00008376   _USER1_ISR
00008380   _USER2_ISR
0000838a   _USER3_ISR
00008394   _USER4_ISR
0000839e   _USER5_ISR
000083a8   _USER6_ISR
000083b2   _USER7_ISR
000083bc   _USER8_ISR
000083c6   _USER9_ISR
0000842a   _WAKEINT_ISR
00008043   _Write_data
00008023   _Write_order
00008402   _XINT1_ISR
0000840c   _XINT2_ISR
000085ec   _XINT3_ISR
000085f6   _XINT4_ISR
00008600   _XINT5_ISR
0000860a   _XINT6_ISR
00008614   _XINT7_ISR
00007070   _XIntruptRegs
00000b20   _XintfRegs
000007e8   __STACK_END
000003e8   __STACK_SIZE
00000001   __TI_args_main
ffffffff   ___binit__
ffffffff   ___c_args__
000089cb   ___cinit__
0000898b   ___etext__
ffffffff   ___pinit__
00008000   ___text__
00008946   __args_main
0000c144   __cleanup_ptr
0000c146   __dtors_ptr
0000c142   __lock
00008982   __nop
0000897e   __register_lock
0000897a   __register_unlock
00000400   __stack
0000c140   __unlock
00008961   _abort
000088b8   _c_int00
00008078   _configio
00008063   _delay
0000808a   _display
00008963   _exit
0000824c   _main
00008649   _rsvd_ISR
ffffffff   binit
000089cb   cinit
00000000   code_start
0000898b   etext
ffffffff   pinit


GLOBAL SYMBOLS: SORTED BY Symbol Address 

address    name
--------   ----
00000000   code_start
00000001   __TI_args_main
000003e8   __STACK_SIZE
00000400   __stack
000007e8   __STACK_END
00000880   _DevEmuRegs
00000a80   _FlashRegs
00000ae0   _CsmRegs
00000b00   _AdcMirror
00000b20   _XintfRegs
00000c00   _CpuTimer0Regs
00000c08   _CpuTimer1Regs
00000c10   _CpuTimer2Regs
00000ce0   _PieCtrlRegs
00000d00   _PieVectTable
00001000   _DmaRegs
00005000   _McbspaRegs
00005040   _McbspbRegs
00006000   _ECanaRegs
00006040   _ECanaLAMRegs
00006080   _ECanaMOTSRegs
000060c0   _ECanaMOTORegs
00006100   _ECanaMboxes
00006200   _ECanbRegs
00006240   _ECanbLAMRegs
00006280   _ECanbMOTSRegs
000062c0   _ECanbMOTORegs
00006300   _ECanbMboxes
00006800   _EPwm1Regs
00006840   _EPwm2Regs
00006880   _EPwm3Regs
000068c0   _EPwm4Regs
00006900   _EPwm5Regs
00006940   _EPwm6Regs
00006a00   _ECap1Regs
00006a20   _ECap2Regs
00006a40   _ECap3Regs
00006a60   _ECap4Regs
00006a80   _ECap5Regs
00006aa0   _ECap6Regs
00006b00   _EQep1Regs
00006b40   _EQep2Regs
00006f80   _GpioCtrlRegs
00006fc0   _GpioDataRegs
00006fe0   _GpioIntRegs
00007010   _SysCtrlRegs
00007040   _SpiaRegs
00007050   _SciaRegs
00007070   _XIntruptRegs
00007100   _AdcRegs
00007750   _ScibRegs
00007770   _ScicRegs
00007900   _I2caRegs
00008000   .text
00008000   _LCD_DATA
00008000   ___text__
00008006   _LCDInit
00008023   _Write_order
00008043   _Write_data
00008063   _delay
00008078   _configio
0000808a   _display
0000809c   _Scan_Button
000081e0   _Configio_Button
0000824c   _main
00008330   _INT13_ISR
0000833a   _INT14_ISR
00008344   _DATALOG_ISR
0000834e   _RTOSINT_ISR
00008358   _EMUINT_ISR
00008362   _NMI_ISR
0000836c   _ILLEGAL_ISR
00008376   _USER1_ISR
00008380   _USER2_ISR
0000838a   _USER3_ISR
00008394   _USER4_ISR
0000839e   _USER5_ISR
000083a8   _USER6_ISR
000083b2   _USER7_ISR
000083bc   _USER8_ISR
000083c6   _USER9_ISR
000083d0   _USER10_ISR
000083da   _USER11_ISR
000083e4   _USER12_ISR
000083ee   _SEQ1INT_ISR
000083f8   _SEQ2INT_ISR
00008402   _XINT1_ISR
0000840c   _XINT2_ISR
00008416   _ADCINT_ISR
00008420   _TINT0_ISR
0000842a   _WAKEINT_ISR
00008434   _EPWM1_TZINT_ISR
0000843e   _EPWM2_TZINT_ISR
00008448   _EPWM3_TZINT_ISR
00008452   _EPWM4_TZINT_ISR
0000845c   _EPWM5_TZINT_ISR
00008466   _EPWM6_TZINT_ISR
00008470   _EPWM1_INT_ISR
0000847a   _EPWM2_INT_ISR
00008484   _EPWM3_INT_ISR
0000848e   _EPWM4_INT_ISR
00008498   _EPWM5_INT_ISR
000084a2   _EPWM6_INT_ISR
000084ac   _ECAP1_INT_ISR
000084b6   _ECAP2_INT_ISR
000084c0   _ECAP3_INT_ISR
000084ca   _ECAP4_INT_ISR
000084d4   _ECAP5_INT_ISR
000084de   _ECAP6_INT_ISR
000084e8   _EQEP1_INT_ISR
000084f2   _EQEP2_INT_ISR
000084fc   _SPIRXINTA_ISR
00008506   _SPITXINTA_ISR
00008510   _MRINTB_ISR
0000851a   _MXINTB_ISR
00008524   _MRINTA_ISR
0000852e   _MXINTA_ISR
00008538   _DINTCH1_ISR
00008542   _DINTCH2_ISR
0000854c   _DINTCH3_ISR
00008556   _DINTCH4_ISR
00008560   _DINTCH5_ISR
0000856a   _DINTCH6_ISR
00008574   _I2CINT1A_ISR
0000857e   _I2CINT2A_ISR
00008588   _SCIRXINTC_ISR
00008592   _SCITXINTC_ISR
0000859c   _SCIRXINTA_ISR
000085a6   _SCITXINTA_ISR
000085b0   _SCIRXINTB_ISR
000085ba   _SCITXINTB_ISR
000085c4   _ECAN0INTA_ISR
000085ce   _ECAN1INTA_ISR
000085d8   _ECAN0INTB_ISR
000085e2   _ECAN1INTB_ISR
000085ec   _XINT3_ISR
000085f6   _XINT4_ISR
00008600   _XINT5_ISR
0000860a   _XINT6_ISR
00008614   _XINT7_ISR
0000861e   _LVF_ISR
00008628   _LUF_ISR
00008632   _EMPTY_ISR
0000863f   _PIE_RESERVED
00008649   _rsvd_ISR
00008653   _InitXintf
000086a8   _InitXintf32Gpio
000086ef   _InitXintf16Gpio
00008749   _InitSysCtrl
00008752   _ServiceDog
0000875c   _DisableDog
00008764   _InitPll
000087b2   _InitPeripheralClocks
0000880d   _CsmUnlock
0000883e   _InitCpuTimers
0000887d   _ConfigCpuTimer
000088b8   _c_int00
000088fe   _InitPieCtrl
0000891d   _EnableInterrupts
00008926   _InitPieVectTable
00008946   __args_main
00008961   C$$EXIT
00008961   _abort
00008963   _exit
0000897a   __register_unlock
0000897e   __register_lock
00008982   __nop
0000898b   ___etext__
0000898b   etext
000089ac   _InitFlash
000089c7   _DSP28x_usDelay
000089cb   ___cinit__
000089cb   cinit
0000c000   _PieVectTableInit
0000c126   _CpuTimer1
0000c12e   _CpuTimer2
0000c136   _CpuTimer0
0000c140   __unlock
0000c142   __lock
0000c144   __cleanup_ptr
0000c146   __dtors_ptr
0033fff8   _CsmPwl
00380080   _ADC_cal
ffffffff   ___binit__
ffffffff   ___c_args__
ffffffff   ___pinit__
ffffffff   binit
ffffffff   pinit

[188 symbols]
